TLC2 Version 2.19 of 08 August 2024 (rev: 5a47802)
Running breadth-first search Model-Checking with fp 90 and seed 2403926334744765761 with 8 workers on 8 cores with 7282MB heap and 64MB offheap memory [pid: 91153] (Mac OS X 14.1 aarch64, Homebrew 21.0.12.1 x86_64, MSBDiskFPSet, DiskStateQueue).
Parsing file /Users/weiyuhan/Desktop/Fall_2026_Duke/CS512/project_new/spec/MC.tla
Parsing file /Users/weiyuhan/Desktop/Fall_2026_Duke/CS512/project_new/spec/DOSR.tla
Parsing file /Users/weiyuhan/Desktop/Fall_2026_Duke/CS512/project_new/spec/out/tmp/Liveness/Naturals.tla
Parsing file /Users/weiyuhan/Desktop/Fall_2026_Duke/CS512/project_new/spec/out/tmp/Liveness/Sequences.tla
Parsing file /Users/weiyuhan/Desktop/Fall_2026_Duke/CS512/project_new/spec/out/tmp/Liveness/FiniteSets.tla
Parsing file /Users/weiyuhan/Desktop/Fall_2026_Duke/CS512/project_new/spec/out/tmp/Liveness/TLC.tla
Semantic processing of module Naturals
Semantic processing of module Sequences
Semantic processing of module FiniteSets
Semantic processing of module TLC
Semantic processing of module DOSR
Semantic processing of module MC
Starting... (2026-09-29 23:54:34)
Implied-temporal checking--satisfiability problem has 1 branches.
Computing initial states...
Finished computing initial states: 1 distinct state generated at 2026-09-29 23:54:34.
Checking temporal properties for the current state space with 46561 total distinct states at (2026-09-29 23:54:37)
Finished checking temporal properties in 00s at 2026-09-29 23:54:38
Progress(13) at 2026-09-29 23:54:38: 303,437 states generated (303,437 s/min), 81,704 distinct states found (81,704 ds/min), 35,136 states left on queue.
Checking temporal properties for the current state space with 1063550 total distinct states at (2026-09-29 23:55:38)
Finished checking temporal properties in 09s at 2026-09-29 23:55:47
Progress(21) at 2026-09-29 23:55:47: 4,572,958 states generated (4,269,521 s/min), 1,193,736 distinct states found (1,112,032 ds/min), 130,177 states left on queue.
Progress(26) at 2026-09-29 23:56:08: 5,601,681 states generated, 1,417,112 distinct states found, 0 states left on queue.
Checking temporal properties for the complete state space with 1417112 total distinct states at (2026-09-29 23:56:08)
Finished checking temporal properties in 11s at 2026-09-29 23:56:20
Model checking completed. No error has been found.
  Estimates of the probability that TLC did not check all reachable states
  because two distinct states had the same fingerprint:
  calculated (optimistic):  val = 3.2E-7
  based on the actual fingerprints:  val = 1.5E-7
5601681 states generated, 1417112 distinct states found, 0 states left on queue.
The depth of the complete state graph search is 26.
The average outdegree of the complete state graph is 1 (minimum is 0, the maximum 9 and the 95th percentile is 3).
Finished in 01min 46s at (2026-09-29 23:56:20)
