TLC2 Version 2.19 of 08 August 2024 (rev: 5a47802)
Running breadth-first search Model-Checking with fp 96 and seed -1206393564261357318 with 8 workers on 8 cores with 7282MB heap and 64MB offheap memory [pid: 92873] (Mac OS X 14.1 aarch64, Homebrew 21.0.12.1 x86_64, MSBDiskFPSet, DiskStateQueue).
Parsing file /Users/weiyuhan/Desktop/Fall_2026_Duke/CS512/project_new/spec/MC.tla
Parsing file /Users/weiyuhan/Desktop/Fall_2026_Duke/CS512/project_new/spec/DOSR.tla
Parsing file /Users/weiyuhan/Desktop/Fall_2026_Duke/CS512/project_new/spec/out/tmp/LivenessByz/Naturals.tla
Parsing file /Users/weiyuhan/Desktop/Fall_2026_Duke/CS512/project_new/spec/out/tmp/LivenessByz/Sequences.tla
Parsing file /Users/weiyuhan/Desktop/Fall_2026_Duke/CS512/project_new/spec/out/tmp/LivenessByz/FiniteSets.tla
Parsing file /Users/weiyuhan/Desktop/Fall_2026_Duke/CS512/project_new/spec/out/tmp/LivenessByz/TLC.tla
Semantic processing of module Naturals
Semantic processing of module Sequences
Semantic processing of module FiniteSets
Semantic processing of module TLC
Semantic processing of module DOSR
Semantic processing of module MC
Starting... (2026-09-29 23:56:21)
Implied-temporal checking--satisfiability problem has 1 branches.
Computing initial states...
Finished computing initial states: 1 distinct state generated at 2026-09-29 23:56:21.
Checking temporal properties for the current state space with 70368 total distinct states at (2026-09-29 23:56:24)
Finished checking temporal properties in 00s at 2026-09-29 23:56:25
Progress(10) at 2026-09-29 23:56:25: 368,625 states generated (368,625 s/min), 132,352 distinct states found (132,352 ds/min), 61,982 states left on queue.
Progress(16) at 2026-09-29 23:56:46: 2,069,963 states generated, 693,277 distinct states found, 0 states left on queue.
Checking temporal properties for the complete state space with 693277 total distinct states at (2026-09-29 23:56:46)
Finished checking temporal properties in 06s at 2026-09-29 23:56:52
Model checking completed. No error has been found.
  Estimates of the probability that TLC did not check all reachable states
  because two distinct states had the same fingerprint:
  calculated (optimistic):  val = 5.2E-8
  based on the actual fingerprints:  val = 1.3E-6
2069963 states generated, 693277 distinct states found, 0 states left on queue.
The depth of the complete state graph search is 16.
The average outdegree of the complete state graph is 1 (minimum is 0, the maximum 31 and the 95th percentile is 3).
Finished in 31s at (2026-09-29 23:56:52)
