TLC2 Version 2.19 of 08 August 2024 (rev: 5a47802)
Running breadth-first search Model-Checking with fp 85 and seed -6139481588764174322 with 8 workers on 8 cores with 7282MB heap and 64MB offheap memory [pid: 93432] (Mac OS X 14.1 aarch64, Homebrew 21.0.12.1 x86_64, MSBDiskFPSet, DiskStateQueue).
Parsing file /Users/weiyuhan/Desktop/Fall_2026_Duke/CS512/project_new/spec/MC.tla
Parsing file /Users/weiyuhan/Desktop/Fall_2026_Duke/CS512/project_new/spec/DOSR.tla
Parsing file /Users/weiyuhan/Desktop/Fall_2026_Duke/CS512/project_new/spec/out/tmp/LivenessIntents/Naturals.tla
Parsing file /Users/weiyuhan/Desktop/Fall_2026_Duke/CS512/project_new/spec/out/tmp/LivenessIntents/Sequences.tla
Parsing file /Users/weiyuhan/Desktop/Fall_2026_Duke/CS512/project_new/spec/out/tmp/LivenessIntents/FiniteSets.tla
Parsing file /Users/weiyuhan/Desktop/Fall_2026_Duke/CS512/project_new/spec/out/tmp/LivenessIntents/TLC.tla
Semantic processing of module Naturals
Semantic processing of module Sequences
Semantic processing of module FiniteSets
Semantic processing of module TLC
Semantic processing of module DOSR
Semantic processing of module MC
Starting... (2026-09-29 23:56:53)
Implied-temporal checking--satisfiability problem has 1 branches.
Computing initial states...
Finished computing initial states: 1 distinct state generated at 2026-09-29 23:56:53.
Progress(14) at 2026-09-29 23:56:53: 1,211 states generated, 945 distinct states found, 0 states left on queue.
Checking temporal properties for the complete state space with 945 total distinct states at (2026-09-29 23:56:53)
Finished checking temporal properties in 00s at 2026-09-29 23:56:53
Model checking completed. No error has been found.
  Estimates of the probability that TLC did not check all reachable states
  because two distinct states had the same fingerprint:
  calculated (optimistic):  val = 1.4E-14
1211 states generated, 945 distinct states found, 0 states left on queue.
The depth of the complete state graph search is 14.
The average outdegree of the complete state graph is 1 (minimum is 0, the maximum 4 and the 95th percentile is 3).
Finished in 00s at (2026-09-29 23:56:53)
