TLC2 Version 2.19 of 08 August 2024 (rev: 5a47802)
Running breadth-first search Model-Checking with fp 110 and seed 8818193230257765899 with 1 worker on 8 cores with 7282MB heap and 64MB offheap memory [pid: 95844] (Mac OS X 14.1 aarch64, Homebrew 21.0.12.1 x86_64, MSBDiskFPSet, DiskStateQueue).
Parsing file /Users/weiyuhan/Desktop/Fall_2026_Duke/CS512/project_new/spec/MC.tla
Parsing file /Users/weiyuhan/Desktop/Fall_2026_Duke/CS512/project_new/spec/DOSR.tla
Parsing file /Users/weiyuhan/Desktop/Fall_2026_Duke/CS512/project_new/spec/out/tmp/NoAttemptCap_BoundedAttempts/Naturals.tla
Parsing file /Users/weiyuhan/Desktop/Fall_2026_Duke/CS512/project_new/spec/out/tmp/NoAttemptCap_BoundedAttempts/Sequences.tla
Parsing file /Users/weiyuhan/Desktop/Fall_2026_Duke/CS512/project_new/spec/out/tmp/NoAttemptCap_BoundedAttempts/FiniteSets.tla
Parsing file /Users/weiyuhan/Desktop/Fall_2026_Duke/CS512/project_new/spec/out/tmp/NoAttemptCap_BoundedAttempts/TLC.tla
Semantic processing of module Naturals
Semantic processing of module Sequences
Semantic processing of module FiniteSets
Semantic processing of module TLC
Semantic processing of module DOSR
Semantic processing of module MC
Starting... (2026-09-29 23:59:12)
Computing initial states...
Finished computing initial states: 1 distinct state generated at 2026-09-29 23:59:13.
Progress(6) at 2026-09-29 23:59:16: 52,365 states generated (52,365 s/min), 39,314 distinct states found (39,314 ds/min), 27,076 states left on queue.
Error: Invariant BoundedAttempts is violated.
Error: The behavior up to this point is:
State 1: <Initial predicate>
/\ byzTxs = 0
/\ log = <<>>
/\ applied = (r1 :> 0)
/\ pstate = ( r1 :>
      [ head |-> "none",
        history |-> <<>>,
        pver |-> 1,
        phash |-> "p1",
        height |-> 0,
        intents |-> {},
        used |-> {},
        certs |-> <<>>,
        pauth |-> <<>> ] )
/\ pidx = (r1 :> 0)
/\ crashes = 0
/\ byzCalls = 0
/\ up = (r1 :> TRUE)
/\ receipts = {}
/\ rstate = ( r1 :>
      [ head |-> "none",
        history |-> <<>>,
        pver |-> 1,
        phash |-> "p1",
        height |-> 0,
        intents |-> {},
        used |-> {},
        certs |-> <<>>,
        pauth |-> <<>> ] )

State 2: <HonestIntent line 296, col 5 to line 306, col 41 of module DOSR>
/\ log = <<[base |-> "none", candidate |-> "b", type |-> "Intent"]>>

State 3: <ByzIntent line 390, col 5 to line 396, col 33 of module DOSR>
/\ byzTxs = 1
/\ log = << [base |-> "none", candidate |-> "b", type |-> "Intent"],
   [base |-> "none", candidate |-> "b", type |-> "Intent"] >>

State 4: <Apply line 419, col 5 to line 423, col 79 of module DOSR>
/\ applied = (r1 :> 1)
/\ rstate = ( r1 :>
      [ head |-> "none",
        history |-> <<>>,
        pver |-> 1,
        phash |-> "p1",
        height |-> 1,
        intents |-> {[base |-> "none", candidate |-> "b", nonce |-> 1]},
        used |-> {},
        certs |-> <<>>,
        pauth |-> <<>> ] )

State 5: <HonestCall line 269, col 5 to line 278, col 41 of module DOSR>
/\ receipts = { [ base |-> "none",
    candidate |-> "b",
    policy |-> "p1",
    nonce |-> 1,
    verdict |-> "approve",
    sid |-> 1,
    epoch |-> 0 ] }

State 6: <Apply line 419, col 5 to line 423, col 79 of module DOSR>
/\ applied = (r1 :> 2)
/\ rstate = ( r1 :>
      [ head |-> "none",
        history |-> <<>>,
        pver |-> 1,
        phash |-> "p1",
        height |-> 2,
        intents |->
            { [base |-> "none", candidate |-> "b", nonce |-> 1],
              [base |-> "none", candidate |-> "b", nonce |-> 2] },
        used |-> {},
        certs |-> <<>>,
        pauth |-> <<>> ] )

State 7: <ByzCall line 326, col 9 to line 331, col 31 of module DOSR>
/\ byzTxs = 1
/\ log = << [base |-> "none", candidate |-> "b", type |-> "Intent"],
   [base |-> "none", candidate |-> "b", type |-> "Intent"] >>
/\ applied = (r1 :> 2)
/\ pstate = ( r1 :>
      [ head |-> "none",
        history |-> <<>>,
        pver |-> 1,
        phash |-> "p1",
        height |-> 0,
        intents |-> {},
        used |-> {},
        certs |-> <<>>,
        pauth |-> <<>> ] )
/\ pidx = (r1 :> 0)
/\ crashes = 0
/\ byzCalls = 1
/\ up = (r1 :> TRUE)
/\ receipts = { [ base |-> "none",
    candidate |-> "b",
    policy |-> "p1",
    nonce |-> 1,
    verdict |-> "approve",
    sid |-> 1,
    epoch |-> 0 ],
  [ base |-> "none",
    candidate |-> "b",
    policy |-> "p1",
    nonce |-> 2,
    verdict |-> "approve",
    sid |-> 1,
    epoch |-> 0 ] }
/\ rstate = ( r1 :>
      [ head |-> "none",
        history |-> <<>>,
        pver |-> 1,
        phash |-> "p1",
        height |-> 2,
        intents |->
            { [base |-> "none", candidate |-> "b", nonce |-> 1],
              [base |-> "none", candidate |-> "b", nonce |-> 2] },
        used |-> {},
        certs |-> <<>>,
        pauth |-> <<>> ] )

243120 states generated, 128011 distinct states found, 77624 states left on queue.
The depth of the complete state graph search is 7.
The average outdegree of the complete state graph is 2 (minimum is 0, the maximum 31 and the 95th percentile is 7).
Finished in 13s at (2026-09-29 23:59:26)
