TLC2 Version 2.19 of 08 August 2024 (rev: 5a47802)
Running breadth-first search Model-Checking with fp 49 and seed 1244771260940704935 with 1 worker on 8 cores with 7282MB heap and 64MB offheap memory [pid: 98747] (Mac OS X 14.1 aarch64, Homebrew 21.0.12.1 x86_64, MSBDiskFPSet, DiskStateQueue).
Parsing file /Users/weiyuhan/Desktop/Fall_2026_Duke/CS512/project_new/spec/MC.tla
Parsing file /Users/weiyuhan/Desktop/Fall_2026_Duke/CS512/project_new/spec/DOSR.tla
Parsing file /Users/weiyuhan/Desktop/Fall_2026_Duke/CS512/project_new/spec/out/tmp/NoNotaryOnce_NoGrinding/Naturals.tla
Parsing file /Users/weiyuhan/Desktop/Fall_2026_Duke/CS512/project_new/spec/out/tmp/NoNotaryOnce_NoGrinding/Sequences.tla
Parsing file /Users/weiyuhan/Desktop/Fall_2026_Duke/CS512/project_new/spec/out/tmp/NoNotaryOnce_NoGrinding/FiniteSets.tla
Parsing file /Users/weiyuhan/Desktop/Fall_2026_Duke/CS512/project_new/spec/out/tmp/NoNotaryOnce_NoGrinding/TLC.tla
Semantic processing of module Naturals
Semantic processing of module Sequences
Semantic processing of module FiniteSets
Semantic processing of module TLC
Semantic processing of module DOSR
Semantic processing of module MC
Starting... (2026-09-30 00:01:29)
Computing initial states...
Finished computing initial states: 1 distinct state generated at 2026-09-30 00:01:32.
Progress(6) at 2026-09-30 00:01:35: 55,319 states generated (55,319 s/min), 40,695 distinct states found (40,695 ds/min), 27,884 states left on queue.
Error: Invariant NoGrinding is violated.
Error: The behavior up to this point is:
State 1: <Initial predicate>
/\ byzTxs = 0
/\ log = <<>>
/\ applied = (r1 :> 0)
/\ pstate = ( r1 :>
      [ head |-> "none",
        history |-> <<>>,
        pver |-> 1,
        phash |-> "p1",
        height |-> 0,
        intents |-> {},
        used |-> {},
        certs |-> <<>>,
        pauth |-> <<>> ] )
/\ pidx = (r1 :> 0)
/\ crashes = 0
/\ byzCalls = 0
/\ up = (r1 :> TRUE)
/\ receipts = {}
/\ rstate = ( r1 :>
      [ head |-> "none",
        history |-> <<>>,
        pver |-> 1,
        phash |-> "p1",
        height |-> 0,
        intents |-> {},
        used |-> {},
        certs |-> <<>>,
        pauth |-> <<>> ] )

State 2: <HonestIntent line 296, col 5 to line 306, col 41 of module DOSR>
/\ log = <<[base |-> "none", candidate |-> "b", type |-> "Intent"]>>

State 3: <Apply line 419, col 5 to line 423, col 79 of module DOSR>
/\ applied = (r1 :> 1)
/\ rstate = ( r1 :>
      [ head |-> "none",
        history |-> <<>>,
        pver |-> 1,
        phash |-> "p1",
        height |-> 1,
        intents |-> {[base |-> "none", candidate |-> "b", nonce |-> 1]},
        used |-> {},
        certs |-> <<>>,
        pauth |-> <<>> ] )

State 4: <HonestCall line 269, col 5 to line 278, col 41 of module DOSR>
/\ receipts = { [ base |-> "none",
    candidate |-> "b",
    policy |-> "p1",
    nonce |-> 1,
    verdict |-> "reject",
    sid |-> 1,
    epoch |-> 0 ] }

State 5: <HonestCall line 269, col 5 to line 278, col 41 of module DOSR>
/\ receipts = { [ base |-> "none",
    candidate |-> "b",
    policy |-> "p1",
    nonce |-> 1,
    verdict |-> "approve",
    sid |-> 2,
    epoch |-> 0 ],
  [ base |-> "none",
    candidate |-> "b",
    policy |-> "p1",
    nonce |-> 1,
    verdict |-> "reject",
    sid |-> 1,
    epoch |-> 0 ] }

State 6: <HonestAccept line 284, col 5 to line 291, col 41 of module DOSR>
/\ log = << [base |-> "none", candidate |-> "b", type |-> "Intent"],
   [ candidate |-> "b",
     type |-> "Accept",
     expectedHead |-> "none",
     receipt |->
         [ base |-> "none",
           candidate |-> "b",
           policy |-> "p1",
           nonce |-> 1,
           verdict |-> "approve",
           sid |-> 2,
           epoch |-> 0 ] ] >>

State 7: <Apply line 419, col 5 to line 423, col 79 of module DOSR>
/\ byzTxs = 0
/\ log = << [base |-> "none", candidate |-> "b", type |-> "Intent"],
   [ candidate |-> "b",
     type |-> "Accept",
     expectedHead |-> "none",
     receipt |->
         [ base |-> "none",
           candidate |-> "b",
           policy |-> "p1",
           nonce |-> 1,
           verdict |-> "approve",
           sid |-> 2,
           epoch |-> 0 ] ] >>
/\ applied = (r1 :> 2)
/\ pstate = ( r1 :>
      [ head |-> "none",
        history |-> <<>>,
        pver |-> 1,
        phash |-> "p1",
        height |-> 0,
        intents |-> {},
        used |-> {},
        certs |-> <<>>,
        pauth |-> <<>> ] )
/\ pidx = (r1 :> 0)
/\ crashes = 0
/\ byzCalls = 0
/\ up = (r1 :> TRUE)
/\ receipts = { [ base |-> "none",
    candidate |-> "b",
    policy |-> "p1",
    nonce |-> 1,
    verdict |-> "approve",
    sid |-> 2,
    epoch |-> 0 ],
  [ base |-> "none",
    candidate |-> "b",
    policy |-> "p1",
    nonce |-> 1,
    verdict |-> "reject",
    sid |-> 1,
    epoch |-> 0 ] }
/\ rstate = ( r1 :>
      [ head |-> "b",
        history |-> <<"b">>,
        pver |-> 1,
        phash |-> "p1",
        height |-> 2,
        intents |-> {[base |-> "none", candidate |-> "b", nonce |-> 1]},
        used |-> {1},
        certs |->
            << [ candidate |-> "b",
                 policy |-> [ver |-> 1, hash |-> "p1"],
                 receipt |->
                     [ base |-> "none",
                       candidate |-> "b",
                       policy |-> "p1",
                       nonce |-> 1,
                       verdict |-> "approve",
                       sid |-> 2,
                       epoch |-> 0 ],
                 headBefore |-> "none",
                 index |-> 2 ] >>,
        pauth |-> <<>> ] )

401257 states generated, 196602 distinct states found, 142303 states left on queue.
The depth of the complete state graph search is 7.
The average outdegree of the complete state graph is 4 (minimum is 0, the maximum 31 and the 95th percentile is 7).
Finished in 15s at (2026-09-30 00:01:45)
