TLC2 Version 2.19 of 08 August 2024 (rev: 5a47802)
Running breadth-first search Model-Checking with fp 7 and seed 5003432302290262171 with 1 worker on 8 cores with 7282MB heap and 64MB offheap memory [pid: 99338] (Mac OS X 14.1 aarch64, Homebrew 21.0.12.1 x86_64, MSBDiskFPSet, DiskStateQueue).
Parsing file /Users/weiyuhan/Desktop/Fall_2026_Duke/CS512/project_new/spec/MC.tla
Parsing file /Users/weiyuhan/Desktop/Fall_2026_Duke/CS512/project_new/spec/DOSR.tla
Parsing file /Users/weiyuhan/Desktop/Fall_2026_Duke/CS512/project_new/spec/out/tmp/NoRestartIndex_PrefixConsistency/Naturals.tla
Parsing file /Users/weiyuhan/Desktop/Fall_2026_Duke/CS512/project_new/spec/out/tmp/NoRestartIndex_PrefixConsistency/Sequences.tla
Parsing file /Users/weiyuhan/Desktop/Fall_2026_Duke/CS512/project_new/spec/out/tmp/NoRestartIndex_PrefixConsistency/FiniteSets.tla
Parsing file /Users/weiyuhan/Desktop/Fall_2026_Duke/CS512/project_new/spec/out/tmp/NoRestartIndex_PrefixConsistency/TLC.tla
Semantic processing of module Naturals
Semantic processing of module Sequences
Semantic processing of module FiniteSets
Semantic processing of module TLC
Semantic processing of module DOSR
Semantic processing of module MC
Starting... (2026-09-30 00:01:54)
Computing initial states...
Finished computing initial states: 1 distinct state generated at 2026-09-30 00:01:54.
Progress(7) at 2026-09-30 00:01:57: 394,784 states generated (394,784 s/min), 121,190 distinct states found (121,190 ds/min), 84,885 states left on queue.
Error: Invariant PrefixConsistency is violated.
Error: The behavior up to this point is:
State 1: <Initial predicate>
/\ byzTxs = 0
/\ log = <<>>
/\ applied = (r1 :> 0 @@ r2 :> 0)
/\ pstate = ( r1 :>
      [ head |-> "none",
        history |-> <<>>,
        pver |-> 1,
        phash |-> "p1",
        height |-> 0,
        intents |-> {},
        used |-> {},
        certs |-> <<>>,
        pauth |-> <<>> ] @@
  r2 :>
      [ head |-> "none",
        history |-> <<>>,
        pver |-> 1,
        phash |-> "p1",
        height |-> 0,
        intents |-> {},
        used |-> {},
        certs |-> <<>>,
        pauth |-> <<>> ] )
/\ pidx = (r1 :> 0 @@ r2 :> 0)
/\ crashes = 0
/\ byzCalls = 0
/\ up = (r1 :> TRUE @@ r2 :> TRUE)
/\ receipts = {}
/\ rstate = ( r1 :>
      [ head |-> "none",
        history |-> <<>>,
        pver |-> 1,
        phash |-> "p1",
        height |-> 0,
        intents |-> {},
        used |-> {},
        certs |-> <<>>,
        pauth |-> <<>> ] @@
  r2 :>
      [ head |-> "none",
        history |-> <<>>,
        pver |-> 1,
        phash |-> "p1",
        height |-> 0,
        intents |-> {},
        used |-> {},
        certs |-> <<>>,
        pauth |-> <<>> ] )

State 2: <HonestCall line 269, col 5 to line 278, col 41 of module DOSR>
/\ receipts = { [ base |-> "none",
    candidate |-> "b",
    policy |-> "p1",
    nonce |-> 0,
    verdict |-> "approve",
    sid |-> 1,
    epoch |-> 0 ] }

State 3: <HonestCall line 269, col 5 to line 278, col 41 of module DOSR>
/\ receipts = { [ base |-> "none",
    candidate |-> "b",
    policy |-> "p1",
    nonce |-> 0,
    verdict |-> "approve",
    sid |-> 1,
    epoch |-> 0 ],
  [ base |-> "none",
    candidate |-> "a",
    policy |-> "p1",
    nonce |-> 0,
    verdict |-> "approve",
    sid |-> 1,
    epoch |-> 0 ] }

State 4: <HonestAccept line 284, col 5 to line 291, col 41 of module DOSR>
/\ log = << [ candidate |-> "b",
     type |-> "Accept",
     expectedHead |-> "none",
     receipt |->
         [ base |-> "none",
           candidate |-> "b",
           policy |-> "p1",
           nonce |-> 0,
           verdict |-> "approve",
           sid |-> 1,
           epoch |-> 0 ] ] >>

State 5: <HonestAccept line 284, col 5 to line 291, col 41 of module DOSR>
/\ log = << [ candidate |-> "b",
     type |-> "Accept",
     expectedHead |-> "none",
     receipt |->
         [ base |-> "none",
           candidate |-> "b",
           policy |-> "p1",
           nonce |-> 0,
           verdict |-> "approve",
           sid |-> 1,
           epoch |-> 0 ] ],
   [ candidate |-> "a",
     type |-> "Accept",
     expectedHead |-> "none",
     receipt |->
         [ base |-> "none",
           candidate |-> "a",
           policy |-> "p1",
           nonce |-> 0,
           verdict |-> "approve",
           sid |-> 1,
           epoch |-> 0 ] ] >>

State 6: <Apply line 419, col 5 to line 423, col 79 of module DOSR>
/\ applied = (r1 :> 1 @@ r2 :> 0)
/\ rstate = ( r1 :>
      [ head |-> "b",
        history |-> <<"b">>,
        pver |-> 1,
        phash |-> "p1",
        height |-> 1,
        intents |-> {},
        used |-> {},
        certs |->
            << [ candidate |-> "b",
                 policy |-> [ver |-> 1, hash |-> "p1"],
                 receipt |->
                     [ base |-> "none",
                       candidate |-> "b",
                       policy |-> "p1",
                       nonce |-> 0,
                       verdict |-> "approve",
                       sid |-> 1,
                       epoch |-> 0 ],
                 headBefore |-> "none",
                 index |-> 1 ] >>,
        pauth |-> <<>> ] @@
  r2 :>
      [ head |-> "none",
        history |-> <<>>,
        pver |-> 1,
        phash |-> "p1",
        height |-> 0,
        intents |-> {},
        used |-> {},
        certs |-> <<>>,
        pauth |-> <<>> ] )

State 7: <Crash line 436, col 5 to line 441, col 27 of module DOSR>
/\ crashes = 1
/\ up = (r1 :> FALSE @@ r2 :> TRUE)

State 8: <Restart line 445, col 5 to line 451, col 75 of module DOSR>
/\ up = (r1 :> TRUE @@ r2 :> TRUE)
/\ rstate = ( r1 :>
      [ head |-> "none",
        history |-> <<>>,
        pver |-> 1,
        phash |-> "p1",
        height |-> 0,
        intents |-> {},
        used |-> {},
        certs |-> <<>>,
        pauth |-> <<>> ] @@
  r2 :>
      [ head |-> "none",
        history |-> <<>>,
        pver |-> 1,
        phash |-> "p1",
        height |-> 0,
        intents |-> {},
        used |-> {},
        certs |-> <<>>,
        pauth |-> <<>> ] )

State 9: <Apply line 419, col 5 to line 423, col 79 of module DOSR>
/\ applied = (r1 :> 2 @@ r2 :> 0)
/\ rstate = ( r1 :>
      [ head |-> "a",
        history |-> <<"a">>,
        pver |-> 1,
        phash |-> "p1",
        height |-> 1,
        intents |-> {},
        used |-> {},
        certs |->
            << [ candidate |-> "a",
                 policy |-> [ver |-> 1, hash |-> "p1"],
                 receipt |->
                     [ base |-> "none",
                       candidate |-> "a",
                       policy |-> "p1",
                       nonce |-> 0,
                       verdict |-> "approve",
                       sid |-> 1,
                       epoch |-> 0 ],
                 headBefore |-> "none",
                 index |-> 1 ] >>,
        pauth |-> <<>> ] @@
  r2 :>
      [ head |-> "none",
        history |-> <<>>,
        pver |-> 1,
        phash |-> "p1",
        height |-> 0,
        intents |-> {},
        used |-> {},
        certs |-> <<>>,
        pauth |-> <<>> ] )

State 10: <Apply line 419, col 5 to line 423, col 79 of module DOSR>
/\ byzTxs = 0
/\ log = << [ candidate |-> "b",
     type |-> "Accept",
     expectedHead |-> "none",
     receipt |->
         [ base |-> "none",
           candidate |-> "b",
           policy |-> "p1",
           nonce |-> 0,
           verdict |-> "approve",
           sid |-> 1,
           epoch |-> 0 ] ],
   [ candidate |-> "a",
     type |-> "Accept",
     expectedHead |-> "none",
     receipt |->
         [ base |-> "none",
           candidate |-> "a",
           policy |-> "p1",
           nonce |-> 0,
           verdict |-> "approve",
           sid |-> 1,
           epoch |-> 0 ] ] >>
/\ applied = (r1 :> 2 @@ r2 :> 1)
/\ pstate = ( r1 :>
      [ head |-> "none",
        history |-> <<>>,
        pver |-> 1,
        phash |-> "p1",
        height |-> 0,
        intents |-> {},
        used |-> {},
        certs |-> <<>>,
        pauth |-> <<>> ] @@
  r2 :>
      [ head |-> "none",
        history |-> <<>>,
        pver |-> 1,
        phash |-> "p1",
        height |-> 0,
        intents |-> {},
        used |-> {},
        certs |-> <<>>,
        pauth |-> <<>> ] )
/\ pidx = (r1 :> 0 @@ r2 :> 0)
/\ crashes = 1
/\ byzCalls = 0
/\ up = (r1 :> TRUE @@ r2 :> TRUE)
/\ receipts = { [ base |-> "none",
    candidate |-> "b",
    policy |-> "p1",
    nonce |-> 0,
    verdict |-> "approve",
    sid |-> 1,
    epoch |-> 0 ],
  [ base |-> "none",
    candidate |-> "a",
    policy |-> "p1",
    nonce |-> 0,
    verdict |-> "approve",
    sid |-> 1,
    epoch |-> 0 ] }
/\ rstate = ( r1 :>
      [ head |-> "a",
        history |-> <<"a">>,
        pver |-> 1,
        phash |-> "p1",
        height |-> 1,
        intents |-> {},
        used |-> {},
        certs |->
            << [ candidate |-> "a",
                 policy |-> [ver |-> 1, hash |-> "p1"],
                 receipt |->
                     [ base |-> "none",
                       candidate |-> "a",
                       policy |-> "p1",
                       nonce |-> 0,
                       verdict |-> "approve",
                       sid |-> 1,
                       epoch |-> 0 ],
                 headBefore |-> "none",
                 index |-> 1 ] >>,
        pauth |-> <<>> ] @@
  r2 :>
      [ head |-> "b",
        history |-> <<"b">>,
        pver |-> 1,
        phash |-> "p1",
        height |-> 1,
        intents |-> {},
        used |-> {},
        certs |->
            << [ candidate |-> "b",
                 policy |-> [ver |-> 1, hash |-> "p1"],
                 receipt |->
                     [ base |-> "none",
                       candidate |-> "b",
                       policy |-> "p1",
                       nonce |-> 0,
                       verdict |-> "approve",
                       sid |-> 1,
                       epoch |-> 0 ],
                 headBefore |-> "none",
                 index |-> 1 ] >>,
        pauth |-> <<>> ] )

4763349 states generated, 1341734 distinct states found, 678793 states left on queue.
The depth of the complete state graph search is 10.
The average outdegree of the complete state graph is 2 (minimum is 0, the maximum 31 and the 95th percentile is 5).
Finished in 41s at (2026-09-30 00:02:35)
