TLC2 Version 2.19 of 08 August 2024 (rev: 5a47802)
Running breadth-first search Model-Checking with fp 98 and seed 1176407869221355219 with 1 worker on 8 cores with 7282MB heap and 64MB offheap memory [pid: 99263] (Mac OS X 14.1 aarch64, Homebrew 21.0.12.1 x86_64, MSBDiskFPSet, DiskStateQueue).
Parsing file /Users/weiyuhan/Desktop/Fall_2026_Duke/CS512/project_new/spec/MC.tla
Parsing file /Users/weiyuhan/Desktop/Fall_2026_Duke/CS512/project_new/spec/DOSR.tla
Parsing file /Users/weiyuhan/Desktop/Fall_2026_Duke/CS512/project_new/spec/out/tmp/NoRestartIndex_Determinism/Naturals.tla
Parsing file /Users/weiyuhan/Desktop/Fall_2026_Duke/CS512/project_new/spec/out/tmp/NoRestartIndex_Determinism/Sequences.tla
Parsing file /Users/weiyuhan/Desktop/Fall_2026_Duke/CS512/project_new/spec/out/tmp/NoRestartIndex_Determinism/FiniteSets.tla
Parsing file /Users/weiyuhan/Desktop/Fall_2026_Duke/CS512/project_new/spec/out/tmp/NoRestartIndex_Determinism/TLC.tla
Semantic processing of module Naturals
Semantic processing of module Sequences
Semantic processing of module FiniteSets
Semantic processing of module TLC
Semantic processing of module DOSR
Semantic processing of module MC
Starting... (2026-09-30 00:01:51)
Computing initial states...
Finished computing initial states: 1 distinct state generated at 2026-09-30 00:01:51.
Error: Invariant Determinism is violated.
Error: The behavior up to this point is:
State 1: <Initial predicate>
/\ byzTxs = 0
/\ log = <<>>
/\ applied = (r1 :> 0 @@ r2 :> 0)
/\ pstate = ( r1 :>
      [ head |-> "none",
        history |-> <<>>,
        pver |-> 1,
        phash |-> "p1",
        height |-> 0,
        intents |-> {},
        used |-> {},
        certs |-> <<>>,
        pauth |-> <<>> ] @@
  r2 :>
      [ head |-> "none",
        history |-> <<>>,
        pver |-> 1,
        phash |-> "p1",
        height |-> 0,
        intents |-> {},
        used |-> {},
        certs |-> <<>>,
        pauth |-> <<>> ] )
/\ pidx = (r1 :> 0 @@ r2 :> 0)
/\ crashes = 0
/\ byzCalls = 0
/\ up = (r1 :> TRUE @@ r2 :> TRUE)
/\ receipts = {}
/\ rstate = ( r1 :>
      [ head |-> "none",
        history |-> <<>>,
        pver |-> 1,
        phash |-> "p1",
        height |-> 0,
        intents |-> {},
        used |-> {},
        certs |-> <<>>,
        pauth |-> <<>> ] @@
  r2 :>
      [ head |-> "none",
        history |-> <<>>,
        pver |-> 1,
        phash |-> "p1",
        height |-> 0,
        intents |-> {},
        used |-> {},
        certs |-> <<>>,
        pauth |-> <<>> ] )

State 2: <HonestPolicy line 313, col 5 to line 317, col 41 of module DOSR>
/\ log = << [ type |-> "Policy",
     expectedVersion |-> 1,
     newHash |-> "p1",
     signers |-> {m1, m2, m3} ] >>

State 3: <Apply line 419, col 5 to line 423, col 79 of module DOSR>
/\ applied = (r1 :> 1 @@ r2 :> 0)
/\ rstate = ( r1 :>
      [ head |-> "none",
        history |-> <<>>,
        pver |-> 2,
        phash |-> "p1",
        height |-> 1,
        intents |-> {},
        used |-> {},
        certs |-> <<>>,
        pauth |->
            <<[signers |-> {m1, m2, m3}, expected |-> 1, version |-> 1]>> ] @@
  r2 :>
      [ head |-> "none",
        history |-> <<>>,
        pver |-> 1,
        phash |-> "p1",
        height |-> 0,
        intents |-> {},
        used |-> {},
        certs |-> <<>>,
        pauth |-> <<>> ] )

State 4: <Crash line 436, col 5 to line 441, col 27 of module DOSR>
/\ crashes = 1
/\ up = (r1 :> FALSE @@ r2 :> TRUE)

State 5: <Restart line 445, col 5 to line 451, col 75 of module DOSR>
/\ byzTxs = 0
/\ log = << [ type |-> "Policy",
     expectedVersion |-> 1,
     newHash |-> "p1",
     signers |-> {m1, m2, m3} ] >>
/\ applied = (r1 :> 1 @@ r2 :> 0)
/\ pstate = ( r1 :>
      [ head |-> "none",
        history |-> <<>>,
        pver |-> 1,
        phash |-> "p1",
        height |-> 0,
        intents |-> {},
        used |-> {},
        certs |-> <<>>,
        pauth |-> <<>> ] @@
  r2 :>
      [ head |-> "none",
        history |-> <<>>,
        pver |-> 1,
        phash |-> "p1",
        height |-> 0,
        intents |-> {},
        used |-> {},
        certs |-> <<>>,
        pauth |-> <<>> ] )
/\ pidx = (r1 :> 0 @@ r2 :> 0)
/\ crashes = 1
/\ byzCalls = 0
/\ up = (r1 :> TRUE @@ r2 :> TRUE)
/\ receipts = {}
/\ rstate = ( r1 :>
      [ head |-> "none",
        history |-> <<>>,
        pver |-> 1,
        phash |-> "p1",
        height |-> 0,
        intents |-> {},
        used |-> {},
        certs |-> <<>>,
        pauth |-> <<>> ] @@
  r2 :>
      [ head |-> "none",
        history |-> <<>>,
        pver |-> 1,
        phash |-> "p1",
        height |-> 0,
        intents |-> {},
        used |-> {},
        certs |-> <<>>,
        pauth |-> <<>> ] )

323704 states generated, 113023 distinct states found, 105853 states left on queue.
The depth of the complete state graph search is 5.
The average outdegree of the complete state graph is 15 (minimum is 0, the maximum 31 and the 95th percentile is 25).
Finished in 02s at (2026-09-30 00:01:53)
