TLC2 Version 2.19 of 08 August 2024 (rev: 5a47802)
Running breadth-first search Model-Checking with fp 84 and seed 2989807150752699362 with 8 workers on 8 cores with 7282MB heap and 64MB offheap memory [pid: 86023] (Mac OS X 14.1 aarch64, Homebrew 21.0.12.1 x86_64, MSBDiskFPSet, DiskStateQueue).
Parsing file /Users/weiyuhan/Desktop/Fall_2026_Duke/CS512/project_new/spec/MC.tla
Parsing file /Users/weiyuhan/Desktop/Fall_2026_Duke/CS512/project_new/spec/DOSR.tla
Parsing file /Users/weiyuhan/Desktop/Fall_2026_Duke/CS512/project_new/spec/out/tmp/Replicas/Naturals.tla
Parsing file /Users/weiyuhan/Desktop/Fall_2026_Duke/CS512/project_new/spec/out/tmp/Replicas/Sequences.tla
Parsing file /Users/weiyuhan/Desktop/Fall_2026_Duke/CS512/project_new/spec/out/tmp/Replicas/FiniteSets.tla
Parsing file /Users/weiyuhan/Desktop/Fall_2026_Duke/CS512/project_new/spec/out/tmp/Replicas/TLC.tla
Semantic processing of module Naturals
Semantic processing of module Sequences
Semantic processing of module FiniteSets
Semantic processing of module TLC
Semantic processing of module DOSR
Semantic processing of module MC
Starting... (2026-09-29 23:49:37)
Computing initial states...
Finished computing initial states: 1 distinct state generated at 2026-09-29 23:49:37.
Progress(11) at 2026-09-29 23:49:40: 611,007 states generated (611,007 s/min), 156,836 distinct states found (156,836 ds/min), 83,913 states left on queue.
Progress(17) at 2026-09-29 23:50:40: 13,589,156 states generated (12,978,149 s/min), 2,960,650 distinct states found (2,803,814 ds/min), 695,329 states left on queue.
Progress(19) at 2026-09-29 23:51:40: 20,078,392 states generated (6,489,236 s/min), 4,198,257 distinct states found (1,237,607 ds/min), 588,517 states left on queue.
Model checking completed. No error has been found.
  Estimates of the probability that TLC did not check all reachable states
  because two distinct states had the same fingerprint:
  calculated (optimistic):  val = 5.7E-6
  based on the actual fingerprints:  val = 3.9E-7
25875873 states generated, 5092728 distinct states found, 0 states left on queue.
The depth of the complete state graph search is 22.
The average outdegree of the complete state graph is 1 (minimum is 0, the maximum 20 and the 95th percentile is 3).
Finished in 02min 43s at (2026-09-29 23:52:20)
