TLC2 Version 2.19 of 08 August 2024 (rev: 5a47802)
Running breadth-first search Model-Checking with fp 22 and seed -7092094124418136921 with 8 workers on 8 cores with 7282MB heap and 64MB offheap memory [pid: 85006] (Mac OS X 14.1 aarch64, Homebrew 21.0.12.1 x86_64, MSBDiskFPSet, DiskStateQueue).
Parsing file /Users/weiyuhan/Desktop/Fall_2026_Duke/CS512/project_new/spec/MC.tla
Parsing file /Users/weiyuhan/Desktop/Fall_2026_Duke/CS512/project_new/spec/DOSR.tla
Parsing file /Users/weiyuhan/Desktop/Fall_2026_Duke/CS512/project_new/spec/out/tmp/SafetyAdversary/Naturals.tla
Parsing file /Users/weiyuhan/Desktop/Fall_2026_Duke/CS512/project_new/spec/out/tmp/SafetyAdversary/Sequences.tla
Parsing file /Users/weiyuhan/Desktop/Fall_2026_Duke/CS512/project_new/spec/out/tmp/SafetyAdversary/FiniteSets.tla
Parsing file /Users/weiyuhan/Desktop/Fall_2026_Duke/CS512/project_new/spec/out/tmp/SafetyAdversary/TLC.tla
Semantic processing of module Naturals
Semantic processing of module Sequences
Semantic processing of module FiniteSets
Semantic processing of module TLC
Semantic processing of module DOSR
Semantic processing of module MC
Starting... (2026-09-29 23:48:38)
Computing initial states...
Finished computing initial states: 1 distinct state generated at 2026-09-29 23:48:38.
Progress(8) at 2026-09-29 23:48:41: 1,162,976 states generated (1,162,976 s/min), 500,553 distinct states found (500,553 ds/min), 402,871 states left on queue.
Model checking completed. No error has been found.
  Estimates of the probability that TLC did not check all reachable states
  because two distinct states had the same fingerprint:
  calculated (optimistic):  val = 8.2E-7
  based on the actual fingerprints:  val = 6.8E-7
8292032 states generated, 2715007 distinct states found, 0 states left on queue.
The depth of the complete state graph search is 10.
The average outdegree of the complete state graph is 1 (minimum is 0, the maximum 31 and the 95th percentile is 3).
Finished in 28s at (2026-09-29 23:49:06)
