TLC2 Version 2.19 of 08 August 2024 (rev: 5a47802)
Running breadth-first search Model-Checking with fp 7 and seed 6156774963356934441 with 8 workers on 8 cores with 7282MB heap and 64MB offheap memory [pid: 62027] (Mac OS X 14.1 aarch64, Homebrew 21.0.12.1 x86_64, MSBDiskFPSet, DiskStateQueue).
Parsing file /Users/weiyuhan/Desktop/Fall_2026_Duke/CS512/project_new/spec/MC.tla
Parsing file /Users/weiyuhan/Desktop/Fall_2026_Duke/CS512/project_new/spec/DOSR.tla
Parsing file /private/var/folders/3h/wr0h_p9j48j_nrkyx4smpyhc0000gn/T/Naturals.tla
Parsing file /private/var/folders/3h/wr0h_p9j48j_nrkyx4smpyhc0000gn/T/Sequences.tla
Parsing file /private/var/folders/3h/wr0h_p9j48j_nrkyx4smpyhc0000gn/T/FiniteSets.tla
Parsing file /private/var/folders/3h/wr0h_p9j48j_nrkyx4smpyhc0000gn/T/TLC.tla
Semantic processing of module Naturals
Semantic processing of module Sequences
Semantic processing of module FiniteSets
Semantic processing of module TLC
Semantic processing of module DOSR
Semantic processing of module MC
Starting... (2026-09-29 12:40:58)
Implied-temporal checking--satisfiability problem has 1 branches.
Computing initial states...
Finished computing initial states: 1 distinct state generated at 2026-09-29 12:40:58.
Checking temporal properties for the current state space with 44703 total distinct states at (2026-09-29 12:41:01)
Finished checking temporal properties in 00s at 2026-09-29 12:41:02
Progress(12) at 2026-09-29 12:41:02: 344,170 states generated (344,170 s/min), 85,750 distinct states found (85,750 ds/min), 41,058 states left on queue.
Checking temporal properties for the current state space with 1090586 total distinct states at (2026-09-29 12:42:02)
Finished checking temporal properties in 08s at 2026-09-29 12:42:10
Progress(18) at 2026-09-29 12:42:10: 5,848,230 states generated (5,504,060 s/min), 1,488,460 distinct states found (1,402,710 ds/min), 397,861 states left on queue.
Checking temporal properties for the current state space with 2162594 total distinct states at (2026-09-29 12:43:10)
Finished checking temporal properties in 17s at 2026-09-29 12:43:28
Progress(21) at 2026-09-29 12:43:28: 10,310,786 states generated (4,462,556 s/min), 2,594,679 distinct states found (1,106,219 ds/min), 432,077 states left on queue.
Checking temporal properties for the current state space with 3229088 total distinct states at (2026-09-29 12:44:28)
Finished checking temporal properties in 26s at 2026-09-29 12:44:54
Progress(24) at 2026-09-29 12:44:54: 14,137,207 states generated (3,826,421 s/min), 3,480,495 distinct states found (885,816 ds/min), 251,397 states left on queue.
Progress(27) at 2026-09-29 12:45:26: 15,590,021 states generated, 3,753,018 distinct states found, 0 states left on queue.
Checking temporal properties for the complete state space with 3753018 total distinct states at (2026-09-29 12:45:26)
Finished checking temporal properties in 30s at 2026-09-29 12:45:56
Model checking completed. No error has been found.
  Estimates of the probability that TLC did not check all reachable states
  because two distinct states had the same fingerprint:
  calculated (optimistic):  val = 2.4E-6
  based on the actual fingerprints:  val = 1.2E-6
15590021 states generated, 3753018 distinct states found, 0 states left on queue.
The depth of the complete state graph search is 27.
The average outdegree of the complete state graph is 1 (minimum is 0, the maximum 9 and the 95th percentile is 3).
Finished in 04min 58s at (2026-09-29 12:45:57)
