TLC2 Version 2.19 of 08 August 2024 (rev: 5a47802)
Running breadth-first search Model-Checking with fp 56 and seed 3262573382934062158 with 1 worker on 8 cores with 7282MB heap and 64MB offheap memory [pid: 25928] (Mac OS X 14.1 aarch64, Homebrew 21.0.12.1 x86_64, MSBDiskFPSet, DiskStateQueue).
Parsing file /Users/weiyuhan/Desktop/Fall_2026_Duke/CS512/project_new/spec/MC.tla
Parsing file /Users/weiyuhan/Desktop/Fall_2026_Duke/CS512/project_new/spec/DOSR.tla
Parsing file /private/var/folders/3h/wr0h_p9j48j_nrkyx4smpyhc0000gn/T/Naturals.tla
Parsing file /private/var/folders/3h/wr0h_p9j48j_nrkyx4smpyhc0000gn/T/Sequences.tla
Parsing file /private/var/folders/3h/wr0h_p9j48j_nrkyx4smpyhc0000gn/T/FiniteSets.tla
Parsing file /private/var/folders/3h/wr0h_p9j48j_nrkyx4smpyhc0000gn/T/TLC.tla
Semantic processing of module Naturals
Semantic processing of module Sequences
Semantic processing of module FiniteSets
Semantic processing of module TLC
Semantic processing of module DOSR
Semantic processing of module MC
Starting... (2026-09-29 19:20:06)
Computing initial states...
Finished computing initial states: 1 distinct state generated at 2026-09-29 19:20:06.
Error: Invariant BoundedAttempts is violated.
Error: The behavior up to this point is:
State 1: <Initial predicate>
/\ byzTxs = 0
/\ log = <<>>
/\ applied = (r1 :> 0)
/\ pstate = ( r1 :>
      [ head |-> "none",
        history |-> <<>>,
        pver |-> 1,
        phash |-> "p1",
        height |-> 0,
        intents |-> {},
        used |-> {},
        certs |-> <<>>,
        pauth |-> <<>> ] )
/\ pidx = (r1 :> 0)
/\ crashes = 0
/\ byzCalls = 0
/\ up = (r1 :> TRUE)
/\ receipts = {}
/\ rstate = ( r1 :>
      [ head |-> "none",
        history |-> <<>>,
        pver |-> 1,
        phash |-> "p1",
        height |-> 0,
        intents |-> {},
        used |-> {},
        certs |-> <<>>,
        pauth |-> <<>> ] )

State 2: <HonestIntent line 296, col 5 to line 306, col 41 of module DOSR>
/\ log = <<[base |-> "none", candidate |-> "b", type |-> "Intent"]>>

State 3: <Apply line 419, col 5 to line 423, col 79 of module DOSR>
/\ applied = (r1 :> 1)
/\ rstate = ( r1 :>
      [ head |-> "none",
        history |-> <<>>,
        pver |-> 1,
        phash |-> "p1",
        height |-> 1,
        intents |-> {[base |-> "none", candidate |-> "b", nonce |-> 1]},
        used |-> {},
        certs |-> <<>>,
        pauth |-> <<>> ] )

State 4: <HonestCall line 269, col 5 to line 278, col 41 of module DOSR>
/\ receipts = { [ base |-> "none",
    candidate |-> "b",
    policy |-> "p1",
    nonce |-> 1,
    verdict |-> "approve",
    sid |-> 1,
    epoch |-> 0 ] }

State 5: <ByzCall line 326, col 9 to line 331, col 31 of module DOSR>
/\ byzTxs = 0
/\ log = <<[base |-> "none", candidate |-> "b", type |-> "Intent"]>>
/\ applied = (r1 :> 1)
/\ pstate = ( r1 :>
      [ head |-> "none",
        history |-> <<>>,
        pver |-> 1,
        phash |-> "p1",
        height |-> 0,
        intents |-> {},
        used |-> {},
        certs |-> <<>>,
        pauth |-> <<>> ] )
/\ pidx = (r1 :> 0)
/\ crashes = 0
/\ byzCalls = 1
/\ up = (r1 :> TRUE)
/\ receipts = { [ base |-> "none",
    candidate |-> "b",
    policy |-> "p1",
    nonce |-> 1,
    verdict |-> "approve",
    sid |-> 1,
    epoch |-> 0 ],
  [ base |-> "none",
    candidate |-> "b",
    policy |-> "p2",
    nonce |-> 1,
    verdict |-> "approve",
    sid |-> 1,
    epoch |-> 0 ] }
/\ rstate = ( r1 :>
      [ head |-> "none",
        history |-> <<>>,
        pver |-> 1,
        phash |-> "p1",
        height |-> 1,
        intents |-> {[base |-> "none", candidate |-> "b", nonce |-> 1]},
        used |-> {},
        certs |-> <<>>,
        pauth |-> <<>> ] )

20048 states generated, 16856 distinct states found, 13780 states left on queue.
The depth of the complete state graph search is 5.
The average outdegree of the complete state graph is 5 (minimum is 0, the maximum 31 and the 95th percentile is 31).
Finished in 01s at (2026-09-29 19:20:07)
