TLC2 Version 2.19 of 08 August 2024 (rev: 5a47802)
Running breadth-first search Model-Checking with fp 36 and seed -805460910456232946 with 1 worker on 8 cores with 7282MB heap and 64MB offheap memory [pid: 19768] (Mac OS X 14.1 aarch64, Homebrew 21.0.12.1 x86_64, MSBDiskFPSet, DiskStateQueue).
Parsing file /Users/weiyuhan/Desktop/Fall_2026_Duke/CS512/project_new/spec/MC.tla
Parsing file /Users/weiyuhan/Desktop/Fall_2026_Duke/CS512/project_new/spec/DOSR.tla
Parsing file /private/var/folders/3h/wr0h_p9j48j_nrkyx4smpyhc0000gn/T/Naturals.tla
Parsing file /private/var/folders/3h/wr0h_p9j48j_nrkyx4smpyhc0000gn/T/Sequences.tla
Parsing file /private/var/folders/3h/wr0h_p9j48j_nrkyx4smpyhc0000gn/T/FiniteSets.tla
Parsing file /private/var/folders/3h/wr0h_p9j48j_nrkyx4smpyhc0000gn/T/TLC.tla
Semantic processing of module Naturals
Semantic processing of module Sequences
Semantic processing of module FiniteSets
Semantic processing of module TLC
Semantic processing of module DOSR
Semantic processing of module MC
Starting... (2026-09-29 17:23:12)
Computing initial states...
Finished computing initial states: 1 distinct state generated at 2026-09-29 17:23:12.
Error: Invariant BoundedAttempts is violated.
Error: The behavior up to this point is:
State 1: <Initial predicate>
/\ byzTxs = 0
/\ log = <<>>
/\ applied = (r1 :> 0)
/\ pstate = ( r1 :>
      [ head |-> "none",
        history |-> <<>>,
        pver |-> 1,
        phash |-> "p1",
        height |-> 0,
        intents |-> {},
        used |-> {},
        certs |-> <<>>,
        pauth |-> <<>> ] )
/\ pidx = (r1 :> 0)
/\ crashes = 0
/\ byzCalls = 0
/\ up = (r1 :> TRUE)
/\ receipts = {}
/\ rstate = ( r1 :>
      [ head |-> "none",
        history |-> <<>>,
        pver |-> 1,
        phash |-> "p1",
        height |-> 0,
        intents |-> {},
        used |-> {},
        certs |-> <<>>,
        pauth |-> <<>> ] )

State 2: <ByzCall line 326, col 9 to line 331, col 31 of module DOSR>
/\ byzCalls = 1
/\ receipts = { [ base |-> "none",
    candidate |-> "c",
    policy |-> "p1",
    nonce |-> 1,
    verdict |-> "approve",
    sid |-> 1,
    epoch |-> 0 ] }

State 3: <ByzCall line 326, col 9 to line 331, col 31 of module DOSR>
/\ byzTxs = 0
/\ log = <<>>
/\ applied = (r1 :> 0)
/\ pstate = ( r1 :>
      [ head |-> "none",
        history |-> <<>>,
        pver |-> 1,
        phash |-> "p1",
        height |-> 0,
        intents |-> {},
        used |-> {},
        certs |-> <<>>,
        pauth |-> <<>> ] )
/\ pidx = (r1 :> 0)
/\ crashes = 0
/\ byzCalls = 2
/\ up = (r1 :> TRUE)
/\ receipts = { [ base |-> "none",
    candidate |-> "c",
    policy |-> "p1",
    nonce |-> 1,
    verdict |-> "approve",
    sid |-> 1,
    epoch |-> 0 ],
  [ base |-> "none",
    candidate |-> "c",
    policy |-> "p1",
    nonce |-> 2,
    verdict |-> "approve",
    sid |-> 1,
    epoch |-> 0 ] }
/\ rstate = ( r1 :>
      [ head |-> "none",
        history |-> <<>>,
        pver |-> 1,
        phash |-> "p1",
        height |-> 0,
        intents |-> {},
        used |-> {},
        certs |-> <<>>,
        pauth |-> <<>> ] )

553 states generated, 479 distinct states found, 474 states left on queue.
The depth of the complete state graph search is 3.
The average outdegree of the complete state graph is 31 (minimum is 31, the maximum 31 and the 95th percentile is 31).
Finished in 00s at (2026-09-29 17:23:12)
