TLC2 Version 2.19 of 08 August 2024 (rev: 5a47802)
Running breadth-first search Model-Checking with fp 111 and seed 7728270874268171736 with 8 workers on 8 cores with 7282MB heap and 64MB offheap memory [pid: 49379] (Mac OS X 14.1 aarch64, Homebrew 21.0.12.1 x86_64, MSBDiskFPSet, DiskStateQueue).
Parsing file /Users/weiyuhan/Desktop/Fall_2026_Duke/CS512/project_new/spec/MC.tla
Parsing file /Users/weiyuhan/Desktop/Fall_2026_Duke/CS512/project_new/spec/DOSR.tla
Parsing file /private/var/folders/3h/wr0h_p9j48j_nrkyx4smpyhc0000gn/T/Naturals.tla
Parsing file /private/var/folders/3h/wr0h_p9j48j_nrkyx4smpyhc0000gn/T/Sequences.tla
Parsing file /private/var/folders/3h/wr0h_p9j48j_nrkyx4smpyhc0000gn/T/FiniteSets.tla
Parsing file /private/var/folders/3h/wr0h_p9j48j_nrkyx4smpyhc0000gn/T/TLC.tla
Semantic processing of module Naturals
Semantic processing of module Sequences
Semantic processing of module FiniteSets
Semantic processing of module TLC
Semantic processing of module DOSR
Semantic processing of module MC
Starting... (2026-09-29 12:27:44)
Computing initial states...
Finished computing initial states: 1 distinct state generated at 2026-09-29 12:27:44.
Progress(11) at 2026-09-29 12:27:47: 478,436 states generated (478,436 s/min), 125,258 distinct states found (125,258 ds/min), 69,653 states left on queue.
Progress(18) at 2026-09-29 12:28:48: 15,033,617 states generated (14,555,181 s/min), 3,252,455 distinct states found (3,127,197 ds/min), 702,563 states left on queue.
Model checking completed. No error has been found.
  Estimates of the probability that TLC did not check all reachable states
  because two distinct states had the same fingerprint:
  calculated (optimistic):  val = 5.7E-6
  based on the actual fingerprints:  val = 1.3E-6
25875873 states generated, 5092728 distinct states found, 0 states left on queue.
The depth of the complete state graph search is 22.
The average outdegree of the complete state graph is 1 (minimum is 0, the maximum 20 and the 95th percentile is 3).
Finished in 01min 58s at (2026-09-29 12:29:43)
