TLC2 Version 2.19 of 08 August 2024 (rev: 5a47802)
Running breadth-first search Model-Checking with fp 35 and seed -5376763006036233352 with 8 workers on 8 cores with 7282MB heap and 64MB offheap memory [pid: 34398] (Mac OS X 14.1 aarch64, Homebrew 21.0.12.1 x86_64, MSBDiskFPSet, DiskStateQueue).
Parsing file /Users/weiyuhan/Desktop/Fall_2026_Duke/CS512/project_new/spec/MC.tla
Parsing file /Users/weiyuhan/Desktop/Fall_2026_Duke/CS512/project_new/spec/DOSR.tla
Parsing file /private/var/folders/3h/wr0h_p9j48j_nrkyx4smpyhc0000gn/T/Naturals.tla
Parsing file /private/var/folders/3h/wr0h_p9j48j_nrkyx4smpyhc0000gn/T/Sequences.tla
Parsing file /private/var/folders/3h/wr0h_p9j48j_nrkyx4smpyhc0000gn/T/FiniteSets.tla
Parsing file /private/var/folders/3h/wr0h_p9j48j_nrkyx4smpyhc0000gn/T/TLC.tla
Semantic processing of module Naturals
Semantic processing of module Sequences
Semantic processing of module FiniteSets
Semantic processing of module TLC
Semantic processing of module DOSR
Semantic processing of module MC
Starting... (2026-09-29 12:11:35)
Computing initial states...
Finished computing initial states: 1 distinct state generated at 2026-09-29 12:11:35.
Progress(6) at 2026-09-29 12:11:38: 1,480,449 states generated (1,480,449 s/min), 713,710 distinct states found (713,710 ds/min), 669,411 states left on queue.
Model checking completed. No error has been found.
  Estimates of the probability that TLC did not check all reachable states
  because two distinct states had the same fingerprint:
  calculated (optimistic):  val = 4.4E-7
  based on the actual fingerprints:  val = 2.4E-7
6043941 states generated, 2004917 distinct states found, 0 states left on queue.
The depth of the complete state graph search is 6.
The average outdegree of the complete state graph is 1 (minimum is 0, the maximum 31 and the 95th percentile is 1).
Finished in 30s at (2026-09-29 12:12:05)
