TLC2 Version 2.19 of 08 August 2024 (rev: 5a47802)
Running breadth-first search Model-Checking with fp 99 and seed 6399359370076006524 with 1 worker on 8 cores with 7282MB heap and 64MB offheap memory [pid: 2486] (Mac OS X 14.1 aarch64, Homebrew 21.0.12.1 x86_64, MSBDiskFPSet, DiskStateQueue).
Parsing file /Users/weiyuhan/Desktop/Fall_2026_Duke/CS512/project_new/spec/MC.tla
Parsing file /Users/weiyuhan/Desktop/Fall_2026_Duke/CS512/project_new/spec/DOSR.tla
Parsing file /private/var/folders/3h/wr0h_p9j48j_nrkyx4smpyhc0000gn/T/Naturals.tla
Parsing file /private/var/folders/3h/wr0h_p9j48j_nrkyx4smpyhc0000gn/T/Sequences.tla
Parsing file /private/var/folders/3h/wr0h_p9j48j_nrkyx4smpyhc0000gn/T/FiniteSets.tla
Parsing file /private/var/folders/3h/wr0h_p9j48j_nrkyx4smpyhc0000gn/T/TLC.tla
Semantic processing of module Naturals
Semantic processing of module Sequences
Semantic processing of module FiniteSets
Semantic processing of module TLC
Semantic processing of module DOSR
Semantic processing of module MC
Starting... (2026-09-29 17:04:27)
Computing initial states...
Finished computing initial states: 1 distinct state generated at 2026-09-29 17:04:27.
Progress(6) at 2026-09-29 17:04:30: 399,103 states generated (399,103 s/min), 145,226 distinct states found (145,226 ds/min), 101,713 states left on queue.
Progress(10) at 2026-09-29 17:05:30: 5,668,855 states generated (5,269,752 s/min), 2,079,811 distinct states found (1,934,585 ds/min), 984,166 states left on queue.
Error: Invariant NeverThreeAccepts is violated.
Error: The behavior up to this point is:
State 1: <Initial predicate>
/\ byzTxs = 0
/\ log = <<>>
/\ applied = (r1 :> 0)
/\ pstate = ( r1 :>
      [ head |-> "none",
        history |-> <<>>,
        pver |-> 1,
        phash |-> "p1",
        height |-> 0,
        intents |-> {},
        used |-> {},
        certs |-> <<>>,
        pauth |-> <<>> ] )
/\ pidx = (r1 :> 0)
/\ crashes = 0
/\ byzCalls = 0
/\ up = (r1 :> TRUE)
/\ receipts = {}
/\ rstate = ( r1 :>
      [ head |-> "none",
        history |-> <<>>,
        pver |-> 1,
        phash |-> "p1",
        height |-> 0,
        intents |-> {},
        used |-> {},
        certs |-> <<>>,
        pauth |-> <<>> ] )

State 2: <HonestCall line 269, col 5 to line 278, col 41 of module DOSR>
/\ receipts = { [ base |-> "none",
    candidate |-> "a",
    policy |-> "p1",
    nonce |-> 0,
    verdict |-> "approve",
    sid |-> 1,
    epoch |-> 0 ] }

State 3: <HonestAccept line 284, col 5 to line 291, col 41 of module DOSR>
/\ log = << [ candidate |-> "a",
     type |-> "Accept",
     expectedHead |-> "none",
     receipt |->
         [ base |-> "none",
           candidate |-> "a",
           policy |-> "p1",
           nonce |-> 0,
           verdict |-> "approve",
           sid |-> 1,
           epoch |-> 0 ] ] >>

State 4: <ByzCall line 326, col 9 to line 331, col 31 of module DOSR>
/\ byzCalls = 1
/\ receipts = { [ base |-> "none",
    candidate |-> "a",
    policy |-> "p1",
    nonce |-> 0,
    verdict |-> "approve",
    sid |-> 1,
    epoch |-> 0 ],
  [ base |-> "a",
    candidate |-> "c",
    policy |-> "p1",
    nonce |-> 0,
    verdict |-> "approve",
    sid |-> 1,
    epoch |-> 0 ] }

State 5: <ByzAccept line 382, col 5 to line 387, col 33 of module DOSR>
/\ byzTxs = 1
/\ log = << [ candidate |-> "a",
     type |-> "Accept",
     expectedHead |-> "none",
     receipt |->
         [ base |-> "none",
           candidate |-> "a",
           policy |-> "p1",
           nonce |-> 0,
           verdict |-> "approve",
           sid |-> 1,
           epoch |-> 0 ] ],
   [ candidate |-> "c",
     type |-> "Accept",
     expectedHead |-> "a",
     receipt |->
         [ base |-> "a",
           candidate |-> "c",
           policy |-> "p1",
           nonce |-> 0,
           verdict |-> "approve",
           sid |-> 1,
           epoch |-> 0 ] ] >>

State 6: <Apply line 419, col 5 to line 423, col 79 of module DOSR>
/\ applied = (r1 :> 1)
/\ rstate = ( r1 :>
      [ head |-> "a",
        history |-> <<"a">>,
        pver |-> 1,
        phash |-> "p1",
        height |-> 1,
        intents |-> {},
        used |-> {},
        certs |->
            << [ candidate |-> "a",
                 policy |-> [ver |-> 1, hash |-> "p1"],
                 receipt |->
                     [ base |-> "none",
                       candidate |-> "a",
                       policy |-> "p1",
                       nonce |-> 0,
                       verdict |-> "approve",
                       sid |-> 1,
                       epoch |-> 0 ],
                 headBefore |-> "none",
                 index |-> 1 ] >>,
        pauth |-> <<>> ] )

State 7: <Apply line 419, col 5 to line 423, col 79 of module DOSR>
/\ applied = (r1 :> 2)
/\ rstate = ( r1 :>
      [ head |-> "c",
        history |-> <<"a", "c">>,
        pver |-> 1,
        phash |-> "p1",
        height |-> 2,
        intents |-> {},
        used |-> {},
        certs |->
            << [ candidate |-> "a",
                 policy |-> [ver |-> 1, hash |-> "p1"],
                 receipt |->
                     [ base |-> "none",
                       candidate |-> "a",
                       policy |-> "p1",
                       nonce |-> 0,
                       verdict |-> "approve",
                       sid |-> 1,
                       epoch |-> 0 ],
                 headBefore |-> "none",
                 index |-> 1 ],
               [ candidate |-> "c",
                 policy |-> [ver |-> 1, hash |-> "p1"],
                 receipt |->
                     [ base |-> "a",
                       candidate |-> "c",
                       policy |-> "p1",
                       nonce |-> 0,
                       verdict |-> "approve",
                       sid |-> 1,
                       epoch |-> 0 ],
                 headBefore |-> "a",
                 index |-> 2 ] >>,
        pauth |-> <<>> ] )

State 8: <HonestCall line 269, col 5 to line 278, col 41 of module DOSR>
/\ receipts = { [ base |-> "none",
    candidate |-> "a",
    policy |-> "p1",
    nonce |-> 0,
    verdict |-> "approve",
    sid |-> 1,
    epoch |-> 0 ],
  [ base |-> "c",
    candidate |-> "e",
    policy |-> "p1",
    nonce |-> 0,
    verdict |-> "approve",
    sid |-> 1,
    epoch |-> 0 ],
  [ base |-> "a",
    candidate |-> "c",
    policy |-> "p1",
    nonce |-> 0,
    verdict |-> "approve",
    sid |-> 1,
    epoch |-> 0 ] }

State 9: <HonestAccept line 284, col 5 to line 291, col 41 of module DOSR>
/\ log = << [ candidate |-> "a",
     type |-> "Accept",
     expectedHead |-> "none",
     receipt |->
         [ base |-> "none",
           candidate |-> "a",
           policy |-> "p1",
           nonce |-> 0,
           verdict |-> "approve",
           sid |-> 1,
           epoch |-> 0 ] ],
   [ candidate |-> "c",
     type |-> "Accept",
     expectedHead |-> "a",
     receipt |->
         [ base |-> "a",
           candidate |-> "c",
           policy |-> "p1",
           nonce |-> 0,
           verdict |-> "approve",
           sid |-> 1,
           epoch |-> 0 ] ],
   [ candidate |-> "e",
     type |-> "Accept",
     expectedHead |-> "c",
     receipt |->
         [ base |-> "c",
           candidate |-> "e",
           policy |-> "p1",
           nonce |-> 0,
           verdict |-> "approve",
           sid |-> 1,
           epoch |-> 0 ] ] >>

State 10: <Apply line 419, col 5 to line 423, col 79 of module DOSR>
/\ byzTxs = 1
/\ log = << [ candidate |-> "a",
     type |-> "Accept",
     expectedHead |-> "none",
     receipt |->
         [ base |-> "none",
           candidate |-> "a",
           policy |-> "p1",
           nonce |-> 0,
           verdict |-> "approve",
           sid |-> 1,
           epoch |-> 0 ] ],
   [ candidate |-> "c",
     type |-> "Accept",
     expectedHead |-> "a",
     receipt |->
         [ base |-> "a",
           candidate |-> "c",
           policy |-> "p1",
           nonce |-> 0,
           verdict |-> "approve",
           sid |-> 1,
           epoch |-> 0 ] ],
   [ candidate |-> "e",
     type |-> "Accept",
     expectedHead |-> "c",
     receipt |->
         [ base |-> "c",
           candidate |-> "e",
           policy |-> "p1",
           nonce |-> 0,
           verdict |-> "approve",
           sid |-> 1,
           epoch |-> 0 ] ] >>
/\ applied = (r1 :> 3)
/\ pstate = ( r1 :>
      [ head |-> "none",
        history |-> <<>>,
        pver |-> 1,
        phash |-> "p1",
        height |-> 0,
        intents |-> {},
        used |-> {},
        certs |-> <<>>,
        pauth |-> <<>> ] )
/\ pidx = (r1 :> 0)
/\ crashes = 0
/\ byzCalls = 1
/\ up = (r1 :> TRUE)
/\ receipts = { [ base |-> "none",
    candidate |-> "a",
    policy |-> "p1",
    nonce |-> 0,
    verdict |-> "approve",
    sid |-> 1,
    epoch |-> 0 ],
  [ base |-> "c",
    candidate |-> "e",
    policy |-> "p1",
    nonce |-> 0,
    verdict |-> "approve",
    sid |-> 1,
    epoch |-> 0 ],
  [ base |-> "a",
    candidate |-> "c",
    policy |-> "p1",
    nonce |-> 0,
    verdict |-> "approve",
    sid |-> 1,
    epoch |-> 0 ] }
/\ rstate = ( r1 :>
      [ head |-> "e",
        history |-> <<"a", "c", "e">>,
        pver |-> 1,
        phash |-> "p1",
        height |-> 3,
        intents |-> {},
        used |-> {},
        certs |->
            << [ candidate |-> "a",
                 policy |-> [ver |-> 1, hash |-> "p1"],
                 receipt |->
                     [ base |-> "none",
                       candidate |-> "a",
                       policy |-> "p1",
                       nonce |-> 0,
                       verdict |-> "approve",
                       sid |-> 1,
                       epoch |-> 0 ],
                 headBefore |-> "none",
                 index |-> 1 ],
               [ candidate |-> "c",
                 policy |-> [ver |-> 1, hash |-> "p1"],
                 receipt |->
                     [ base |-> "a",
                       candidate |-> "c",
                       policy |-> "p1",
                       nonce |-> 0,
                       verdict |-> "approve",
                       sid |-> 1,
                       epoch |-> 0 ],
                 headBefore |-> "a",
                 index |-> 2 ],
               [ candidate |-> "e",
                 policy |-> [ver |-> 1, hash |-> "p1"],
                 receipt |->
                     [ base |-> "c",
                       candidate |-> "e",
                       policy |-> "p1",
                       nonce |-> 0,
                       verdict |-> "approve",
                       sid |-> 1,
                       epoch |-> 0 ],
                 headBefore |-> "c",
                 index |-> 3 ] >>,
        pauth |-> <<>> ] )

6757642 states generated, 2475996 distinct states found, 1082045 states left on queue.
The depth of the complete state graph search is 10.
The average outdegree of the complete state graph is 2 (minimum is 0, the maximum 31 and the 95th percentile is 5).
Finished in 01min 18s at (2026-09-29 17:05:46)
